// Jest Snapshot v1, https://goo.gl/fbAQLP

exports[`renders start screen correctly 1`] = `
<video
  height="175"
  muted={true}
  poster="fantastic-beasts-the-crimes-of-grindelwald.jpg"
  width="280"
>
  <source
    src="https://upload.wikimedia.org/wikipedia/commons/transcoded/b/b3/Big_Buck_Bunny_Trailer_400p.ogv/Big_Buck_Bunny_Trailer_400p.ogv.360p.webm"
  />
</video>
`;
